
> rastreamento-temp@0.1.0 build
> next build

Ôû▓ Next.js 16.1.6 (Turbopack)

  Creating an optimized production build ...
Ô£ô Compiled successfully in 4.7s
  Running TypeScript ...
  Collecting page data using 7 workers ...
  Generating static pages using 7 workers (0/4) ...
node.exe : The 
width(-1) and 
height(-1) of chart 
should be greater than 
0,
No linha:1 caractere:1
+ & "C:\Program 
Files\nodejs/node.exe" 
"C:\Program 
Files\nodejs/node_mo 
...
+ ~~~~~~~~~~~~~~~~~~~~~
~~~~~~~~~~~~~~~~~~~~~~~
~~~~~~~~~~~~~~~~~~~~~~~
~~
    + CategoryInfo     
         : NotSpecifi  
  ed: (The width(-1)   
  a...greater than     
0,:String) [], Rem    
oteException
    + FullyQualifiedEr 
   rorId : NativeComm  
  andError
 
       please check 
the style of 
container, or the 
props width(100%) and 
height(100%),
       or add a 
minWidth(0) or 
minHeight(undefined) 
or use 
aspect(undefined) to 
control the
       height and 
width.
  Generating static pages using 7 workers (1/4) 
  Generating static pages using 7 workers (2/4) 
  Generating static pages using 7 workers (3/4) 
Ô£ô Generating static pages using 7 workers (4/4) in 766.4ms
  Finalizing page optimization ...

Route (app)
Ôöî Ôùï /
Ôöö Ôùï /_not-found


Ôùï  (Static)  prerendered as static content

